Starting session. Type 'help' for a list of commands.

> b breakHere
breakpoint set: id: '0' method: 'breakHere' bytecode index: '0'
> r
tests/debugger/async_test.dart:12:1
12   void breakHere() { }
> bt
* 0: breakHere                       @void breakHere() {}
> t internal
### internal frame visibility set to: true
> bt
* 0: breakHere                       @void breakHere() {}
  1: call                          
  2: Future.call                     @computation()
  3: Object._noSuchMethodTrampoline
  4: _FletchTimer.call               @_callback()
  5: runToEnd                        @entry()
  6: Fiber.call                      @fletch.runToEnd(entry)
  7: Coroutine._coroutineStart       @entry(argument)
> c
### process terminated
