Starting session. Type 'help' for a list of commands.

> bf tests/debugger/empty_column_test.dart 12 1
### set breakpoint id: '0' method: 'foo' bytecode index: '2'
> r
tests/debugger/empty_column_test.dart:12:11
12     int y = 3; // break here.
> c
### process terminated
