Starting session. Type 'help' for a list of commands.

> b print
breakpoint set: id: '0' method: 'print' bytecode index: '0'
> r
tests/debugger/fibers_test.dart:12:5
12       print('$marker ${i}');
> c
b 0
tests/debugger/fibers_test.dart:12:5
12       print('$marker ${i}');
> fibers

fiber 0
* 0: run                         @Fiber.yield()
  1: call                        @run('b')

fiber 1
* 0: run                         @print('${marker} ${i}')
  1: call                        @run('a')

> t internal
### internal frame visibility set to: true
> bt
* 0: print                       @"${object}"
  1: run                         @print('${marker} ${i}')
  2: call                        @run('a')
  3: runToEnd                    @entry()
  4: Fiber.call                  @fletch.runToEnd(entry)
  5: Coroutine._coroutineStart   @entry(argument)
> fibers

fiber 0
* 0: Fiber._schedule             @null
  1: Fiber.yield                 @_schedule(_current._next)
  2: run                         @Fiber.yield()
  3: call                        @run('b')
  4: runToEnd                    @entry()
  5: Fiber.call                  @fletch.runToEnd(entry)
  6: Coroutine._coroutineStart   @entry(argument)

fiber 1
* 0: print                       @"${object}"
  1: run                         @print('${marker} ${i}')
  2: call                        @run('a')
  3: runToEnd                    @entry()
  4: Fiber.call                  @fletch.runToEnd(entry)
  5: Coroutine._coroutineStart   @entry(argument)

> t internal
### internal frame visibility set to: false
> bt
* 0: run                         @print('${marker} ${i}')
  1: call                        @run('a')
> c
a 0
tests/debugger/fibers_test.dart:12:5
12       print('$marker ${i}');
> c
b 1
tests/debugger/fibers_test.dart:12:5
12       print('$marker ${i}');
> fibers

fiber 0
* 0: run                         @print('${marker} ${i}')
  1: call                        @run('a')

> c
a 1
### process terminated
