Starting session. Type 'help' for a list of commands.

> b
### set breakpoint id: '0' method: 'main' bytecode index: '0'
> r
tests/debugger/finish_test.dart:17:3
17     foo();
> s
tests/debugger/finish_test.dart:14:14
14   int foo() => 32;
> finish
tests/debugger/finish_test.dart:18:3
18     32 + 32 + foo();
> s
tests/debugger/finish_test.dart:18:8
18     32 + 32 + foo();
> s
tests/debugger/finish_test.dart:18:3
18     32 + 32 + foo();
> s
tests/debugger/finish_test.dart:18:13
18     32 + 32 + foo();
> s
tests/debugger/finish_test.dart:14:14
14   int foo() => 32;
> finish
tests/debugger/finish_test.dart:18:3
18     32 + 32 + foo();
> s
tests/debugger/finish_test.dart:19:11
19     var a = new A();
> s
tests/debugger/finish_test.dart:8:12
8      int _x = 32;
> s
tests/debugger/finish_test.dart:20:3
20     a.x;
> s
tests/debugger/finish_test.dart:20:3
20     a.x;
> s
tests/debugger/finish_test.dart:9:16
9      int get x => _x;
> finish
tests/debugger/finish_test.dart:21:3
21     a.y();
> s
tests/debugger/finish_test.dart:21:3
21     a.y();
> s
tests/debugger/finish_test.dart:10:14
10     int y() => 32 + 32 + _x;
> s
tests/debugger/finish_test.dart:10:19
10     int y() => 32 + 32 + _x;
> s
tests/debugger/finish_test.dart:10:14
10     int y() => 32 + 32 + _x;
> s
tests/debugger/finish_test.dart:10:24
10     int y() => 32 + 32 + _x;
> finish
tests/debugger/finish_test.dart:22:3
22     a.z();
> b y
### set breakpoint id: '6' method: 'y' bytecode index: '0'
> s
tests/debugger/finish_test.dart:22:3
22     a.z();
> s
tests/debugger/finish_test.dart:11:14
11     int z() => y();
> finish
tests/debugger/finish_test.dart:10:14
10     int y() => 32 + 32 + _x;
> c
### process terminated
