Starting session. Type 'help' for a list of commands.

> b breakHere
breakpoint set: id: '0' method: 'breakHere' bytecode index: '0'
> r
10
9
8
7
6
5
4
3
2
1
0
tests/debugger/frame_restart_test.dart:7:1
7    void breakHere() {}
> bt
* 0: breakHere   @void breakHere() {}
  1: foo         @breakHere()
  2: foo         @foo(i - 1)
  3: foo         @foo(i - 1)
  4: foo         @foo(i - 1)
  5: foo         @foo(i - 1)
  6: foo         @foo(i - 1)
  7: foo         @foo(i - 1)
  8: foo         @foo(i - 1)
  9: foo         @foo(i - 1)
  10: foo         @foo(i - 1)
  11: foo         @foo(i - 1)
  12: main        @foo(10)
> f 5
> restart
4
3
2
1
0
tests/debugger/frame_restart_test.dart:7:1
7    void breakHere() {}
> bt
* 0: breakHere   @void breakHere() {}
  1: foo         @breakHere()
  2: foo         @foo(i - 1)
  3: foo         @foo(i - 1)
  4: foo         @foo(i - 1)
  5: foo         @foo(i - 1)
  6: foo         @foo(i - 1)
  7: foo         @foo(i - 1)
  8: foo         @foo(i - 1)
  9: foo         @foo(i - 1)
  10: foo         @foo(i - 1)
  11: foo         @foo(i - 1)
  12: main        @foo(10)
> f 11
> restart
10
9
8
7
6
5
4
3
2
1
0
tests/debugger/frame_restart_test.dart:7:1
7    void breakHere() {}
> bt
* 0: breakHere   @void breakHere() {}
  1: foo         @breakHere()
  2: foo         @foo(i - 1)
  3: foo         @foo(i - 1)
  4: foo         @foo(i - 1)
  5: foo         @foo(i - 1)
  6: foo         @foo(i - 1)
  7: foo         @foo(i - 1)
  8: foo         @foo(i - 1)
  9: foo         @foo(i - 1)
  10: foo         @foo(i - 1)
  11: foo         @foo(i - 1)
  12: main        @foo(10)
> d 0
### deleted breakpoint: id: '0' method: 'breakHere' bytecode index: '0'
> f 3
> restart
2
1
0
### process terminated
