Starting session. Type 'help' for a list of commands.

> r
Uncaught exception: 42
* 0: main        @try {
  throw 42;
}on String  catch (e) {
  print('not rethrowing from here');
}
> q
Non-zero exit code from 'fletch-vm' (255).
