Starting session. Type 'help' for a list of commands.

> b resume
### set breakpoint id: '0' method: 'resume' bytecode index: '0'
> r
tests/debugger/list_processes_test.dart:26:3
26     port.send(42);
> lp

process 0
* 0: resume                          @port
  1: call                            @resume(channel, p2)

process 1
* 0: call                @c.receive()

process 2
* 0: call                @c.receive()

> c
tests/debugger/list_processes_test.dart:26:3
26     port.send(42);
> lp

process 0
* 0: resume                          @port
  1: call                            @resume(channel, p1)

process 1
* 0: call                @c.receive()

> c
### process terminated
