Starting session. Type 'help' for a list of commands.

> b main
### set breakpoint id: '0' method: 'main' bytecode index: '0'
> b breakHere
### set breakpoint id: '1' method: 'breakHere' bytecode index: '0'
> lb
### breakpoints:
id: '0' method: 'main' bytecode index: '0'
id: '1' method: 'breakHere' bytecode index: '0'
> q
