Starting session. Type 'help' for a list of commands.

> t verbose
### verbose printing set to: false
> b main
### set breakpoint id: '0' method: 'main' bytecode index: '0'
> r
main    @new Object()
> s
main    @print(new Object())
> s
[object Object]
### process terminated
