Starting session. Type 'help' for a list of commands.

> t verbose
### verbose printing set to: false
> b main
### set breakpoint id: '0' method: 'main' bytecode index: '0'
> r
main    @'foo.void'
> s
main    @new Symbol('foo.void')
> s
### process terminated
