Starting session. Type 'help' for a list of commands.

> b breakHere
### set breakpoint id: '0' method: 'breakHere' bytecode index: '0'
> r
tests/debugger/print_local_structure_test.dart:31:1
31   breakHere() { }
> f 1
> p *a
Instance of 'A' {
  S0.str: 'spaÃŸ'
  S1.i: 42
  S1.i2: 8589934592
  S2.n: null
  S2.d: 42.42
  S3.shadowMe: 0
  A.shadowMe: 42
  A.t: true
  A.f: false
}
> p *i
42
> c
### process terminated
