Starting session. Type 'help' for a list of commands.

> b breakHere
### set breakpoint id: '0' method: 'breakHere' bytecode index: '0'
> r
tests/debugger/print_local_test.dart:10:1
10   breakHere() { }
> f 1
> p
f: false
t: true
d: 42.42
n: null
a: Instance of 'A'
i2: 8589934592
i: 42
str: 'spaÃŸ'
> q
