Starting session. Type 'help' for a list of commands.

> r
begin
Uncaught exception: 42
* 0: main        @throw 42
> restart
begin
Uncaught exception: 42
* 0: main        @throw 42
> q
Non-zero exit code from 'fletch-vm' (255).
