Starting session. Type 'help' for a list of commands.

> r
rethrow!
Uncaught exception: 42
* 0: main        @rethrow;
> q
Non-zero exit code from 'fletch-vm' (255).
