Starting session. Type 'help' for a list of commands.

> t verbose
### verbose printing set to: false
> b main
### set breakpoint id: '0' method: 'main' bytecode index: '0'
> r
main    @1
> s
main    @2
> s
main    @3
> s
main    @add(1, 2, 3)
> s
add @a
> s
add @b
> s
add @a + b
> s
add @c
> s
add @a + b + c
> s
add @=> a + b + c;
> s
main    @add(1, 2, 3)
> s
### process terminated
