Starting session. Type 'help' for a list of commands.

> b
### set breakpoint id: '0' method: 'main' bytecode index: '0'
> r
tests/debugger/step_over_test.dart:17:3
17     foo();
> n
tests/debugger/step_over_test.dart:18:3
18     foo();
> n
tests/debugger/step_over_test.dart:19:11
19     var a = new A();
> n
tests/debugger/step_over_test.dart:20:3
20     a.x;
> s
tests/debugger/step_over_test.dart:20:3
20     a.x;
> n
tests/debugger/step_over_test.dart:21:3
21     a.y();
> s
tests/debugger/step_over_test.dart:21:3
21     a.y();
> n
tests/debugger/step_over_test.dart:22:3
22     a.y();
> b y
### set breakpoint id: '6' method: 'y' bytecode index: '0'
> s
tests/debugger/step_over_test.dart:22:3
22     a.y();
> n
tests/debugger/step_over_test.dart:11:14
11     int y() => _y;
> finish
tests/debugger/step_over_test.dart:23:3
23     1;
> q
